// Jest Snapshot v1, https://goo.gl/fbAQLP

exports[`expect to render TermsAndCondition component 1`] = `
<styled.div>
  <input
    type="checkbox"
  />
  <p>
    Yes, I agree with the 
    <Link>
      Terms and Services
    </Link>
  </p>
</styled.div>
`;
