// Jest Snapshot v1, https://goo.gl/fbAQLP

exports[`Button component should render correctly 1`] = `
<button
  className="btn btn-md btn-primary primary"
  onClick={[MockFunction]}
  size="md"
  typeclass="primary"
>
  Click me
</button>
`;
