// Jest Snapshot v1, https://goo.gl/fbAQLP

exports[`expect to render LinkButton component 1`] = `
<styled.button
  as={
    Object {
      "$$typeof": Symbol(react.forward_ref),
      "render": [Function],
    }
  }
/>
`;
